// Jest Snapshot v1, https://goo.gl/fbAQLP

exports[`hmrServer hmr server starts up 1`] = `Array []`;
