// Jest Snapshot v1, https://goo.gl/fbAQLP

exports[`createDLLConfig returns the optimization webpack config for minifying the output 1`] = `
Object {
  "devtool": false,
  "entry": Object {
    "externals": Object {
      "@americanexpress/one-app-ducks": Object {
        "commonjs2": "@americanexpress/one-app-ducks",
        "root": "OneAppDucks",
        "var": "OneAppDucks",
      },
      "@americanexpress/one-app-router": Object {
        "commonjs2": "@americanexpress/one-app-router",
        "root": "OneAppRouter",
        "var": "OneAppRouter",
      },
      "create-shared-react-context": Object {
        "commonjs2": "create-shared-react-context",
        "root": "CreateSharedReactContext",
        "var": "CreateSharedReactContext",
      },
      "holocron": Object {
        "commonjs2": "holocron",
        "root": "Holocron",
        "var": "Holocron",
      },
      "holocron-module-route": Object {
        "commonjs2": "holocron-module-route",
        "root": "HolocronModuleRoute",
        "var": "HolocronModuleRoute",
      },
      "immutable": Object {
        "commonjs2": "immutable",
        "root": "Immutable",
        "var": "Immutable",
      },
      "prop-types": Object {
        "commonjs2": "prop-types",
        "root": "PropTypes",
        "var": "PropTypes",
      },
      "react": Object {
        "commonjs2": "react",
        "root": "React",
        "var": "React",
      },
      "react-dom": Object {
        "commonjs2": "react-dom",
        "root": "ReactDOM",
        "var": "ReactDOM",
      },
      "react-helmet": Object {
        "commonjs2": "react-helmet",
        "root": "ReactHelmet",
        "var": "ReactHelmet",
      },
      "react-redux": Object {
        "commonjs2": "react-redux",
        "root": "ReactRedux",
        "var": "ReactRedux",
      },
      "redux": Object {
        "commonjs2": "redux",
        "root": "Redux",
        "var": "Redux",
      },
      "reselect": Object {
        "commonjs2": "reselect",
        "root": "Reselect",
        "var": "Reselect",
      },
    },
  },
  "externals": Array [],
  "mode": "production",
  "module": Object {
    "rules": Array [
      Object {
        "exclude": /node_modules/,
        "test": /\\\\\\.jsx\\?\\$/,
        "use": Array [
          Object {
            "loader": "/Users/nkiboi/one/oneamex/github/one-app-cli/node_modules/babel-loader/lib/index.js",
            "options": Object {
              "babelrc": false,
              "cacheDirectory": true,
              "cwd": "/Users/nkiboi/one/oneamex/github/one-app-cli/packages/one-app-hmr/lib",
              "plugins": Array [],
              "presets": Array [
                Array [
                  "amex",
                  Object {
                    "modern": true,
                    "preset-env": Object {
                      "modules": false,
                    },
                  },
                ],
              ],
            },
          },
        ],
      },
    ],
  },
  "optimization": Object {
    "minimize": true,
    "minimizer": Array [
      TerserPlugin {
        "options": Object {
          "cache": true,
          "cacheKeys": [Function],
          "exclude": undefined,
          "extractComments": true,
          "include": undefined,
          "minify": undefined,
          "parallel": true,
          "sourceMap": undefined,
          "terserOptions": Object {
            "keep_fnames": true,
          },
          "test": /\\\\\\.jsx\\?\\$/i,
        },
      },
    ],
  },
  "output": Object {
    "filename": "vendor/[name].js",
    "library": "externals",
    "path": "/Users/nkiboi/one/oneamex/github/one-app-cli/packages/one-app-hmr/static",
  },
  "plugins": Array [
    DllPlugin {
      "options": Object {
        "context": "/Users/nkiboi/one/oneamex/github/one-app-cli/packages/one-app-hmr",
        "entryOnly": true,
        "name": "externals",
        "path": "/Users/nkiboi/one/oneamex/github/one-app-cli/packages/one-app-hmr/static/.externals.dll.json",
      },
    },
  ],
}
`;
