// Jest Snapshot v1, https://goo.gl/fbAQLP

exports[`createHotModuleWebpackConfig returns the optimization webpack config for minifying the output 1`] = `
Object {
  "context": "/Users/mmtobia/code/one-app-cli",
  "devtool": "source-map",
  "entry": Object {},
  "externals": Array [
    "@americanexpress/one-app-ducks",
    "@americanexpress/one-app-router",
    "create-shared-react-context",
    "holocron",
    "holocron-module-route",
    "immutable",
    "prop-types",
    "react",
    "react-dom",
    "react-helmet",
    "react-redux",
    "redux",
    "reselect",
  ],
  "mode": "development",
  "module": Object {
    "rules": Array [
      Object {
        "exclude": /node_modules/,
        "test": /\\\\\\.jsx\\?\\$/,
        "use": Array [
          Object {
            "loader": "/Users/mmtobia/code/one-app-cli/node_modules/babel-loader/lib/index.js",
            "options": Object {
              "babelrc": false,
              "cacheDirectory": true,
              "cwd": "/Users/mmtobia/code/one-app-cli/packages/one-app-hmr/lib",
              "plugins": Array [
                "/Users/mmtobia/code/one-app-cli/node_modules/react-refresh/babel.js",
              ],
              "presets": Array [
                Array [
                  "amex",
                  Object {
                    "modern": true,
                    "preset-env": Object {
                      "modules": false,
                    },
                  },
                ],
              ],
            },
          },
        ],
      },
      Object {
        "exclude": /node_modules/,
        "test": /\\\\\\.\\(sa\\|sc\\|c\\)ss\\$/,
        "use": Array [
          Object {
            "loader": "style-loader",
          },
          Object {
            "loader": "css-loader",
            "options": Object {
              "importLoaders": 2,
              "modules": Object {
                "localIdentName": "[name]__[local]___[contenthash:base64:5]",
              },
            },
          },
          Object {
            "loader": "sass-loader",
          },
          Object {
            "loader": "postcss-loader",
            "options": Object {
              "postcssOptions": Object {
                "plugins": Object {
                  "cssnano": Object {},
                  "postcss-browser-reporter": Object {},
                  "postcss-preset-env": Object {
                    "browsers": "last 2 versions",
                  },
                },
                "syntax": "postcss-scss",
              },
              "sourceMap": true,
            },
          },
        ],
      },
      Object {
        "test": /\\\\\\.\\(woff\\|woff2\\|ttf\\|eot\\|svg\\|png\\|jpg\\|jpeg\\|gif\\|webm\\)\\(\\\\\\?\\.\\*\\)\\?\\$/,
        "use": Array [
          Object {
            "loader": "file-loader",
            "options": Object {
              "name": "../assets/[name].[ext]",
            },
          },
        ],
      },
    ],
  },
  "optimization": Object {
    "runtimeChunk": "single",
  },
  "output": Object {
    "filename": "[name]/[name].js",
    "hotUpdateChunkFilename": "[name]/[id].[fullhash].hot-update.js",
    "path": "/Users/mmtobia/code/one-app-cli/static/modules",
    "publicPath": "/static/modules/",
    "uniqueName": "oneAppHmr",
  },
  "plugins": Array [
    EnvironmentPlugin {
      "defaultValues": Object {
        "NODE_ENV": "development",
      },
      "keys": Array [
        "NODE_ENV",
      ],
    },
    DefinePlugin {
      "definitions": Object {
        "global.BROWSER": "true",
      },
    },
    HotModuleReplacementPlugin {
      "options": Object {},
    },
    HotHolocronModulePlugin {
      "options": Object {
        "externals": Array [],
        "modules": Array [],
        "rootModuleName": undefined,
      },
    },
    ReactRefreshPlugin {
      "options": Object {
        "exclude": /node_modules/i,
        "include": /\\\\\\.\\(\\[jt\\]sx\\?\\|flow\\)\\$/i,
        "library": "oneAppHmr",
        "overlay": Object {
          "entry": "/Users/mmtobia/code/one-app-cli/packages/one-app-hmr/node_modules/@pmmmwh/react-refresh-webpack-plugin/client/ErrorOverlayEntry.js",
          "module": "/Users/mmtobia/code/one-app-cli/packages/one-app-hmr/node_modules/@pmmmwh/react-refresh-webpack-plugin/overlay/index.js",
          "sockIntegration": "whm",
        },
      },
    },
  ],
  "resolve": Object {
    "extensions": Array [
      ".js",
      ".jsx",
    ],
    "mainFields": Array [
      "module",
      "browser",
      "main",
    ],
    "modules": Array [
      "node_modules",
      "packages/one-app-hmr/node_modules",
    ],
  },
  "resolveLoader": Object {
    "modules": Array [
      "node_modules",
      "packages/one-app-hmr/node_modules",
    ],
  },
  "target": "web",
}
`;
