// Jest Snapshot v1, https://goo.gl/fbAQLP

exports[`add module language pack 1`] = `Object {}`;
